
     | | | | | | |
   _________________
  -|               |-
  -|               |-
  -|               |-
  -|    CYPRESS    |-
  -|               |-
  -|               |-   Warp VHDL Synthesis Compiler: Version 6.3 IR 35
  -|               |-   Copyright (C) 1991-2001 Cypress Semiconductor
   |_______________|
     | | | | | | |

======================================================================
Compiling:  P6gener.vhd
Options:    -m -yu -e10 -w100 -o2 -ygs -fP -v10 -dc22v10 -ppalc22v10d-25pc -b P6gener.vhd -u P_6.hie
======================================================================

vhdlfe V6.3 IR 35:  VHDL parser
Thu Nov 19 20:08:23 2020

Library 'work' => directory 'lc22v10'
Linking 'c:\ARCHIV~1\warp\bin\std.vhd'.
Linking 'c:\ARCHIV~1\warp\lib\common\cypress.vhd'.
Linking 'c:\ARCHIV~1\warp\lib\common\work\cypress.vif'.
Library 'ieee' => directory 'c:\ARCHIV~1\warp\lib\ieee\work'
Linking 'c:\ARCHIV~1\warp\lib\ieee\work\stdlogic.vif'.
Linking 'c:\ARCHIV~1\warp\lib\ieee\work\syntocyp.vif'.
Linking 'c:\ARCHIV~1\warp\lib\ieee\work\synarith.vif'.
Linking 'c:\ARCHIV~1\warp\lib\ieee\work\synusgnd.vif'.
P6gener.vhd (line 37, col 15):  Note: Substituting module 'add_vi_v_us' for '+'.
P6gener.vhd (line 39, col 15):  Note: Substituting module 'sub_vi_v_us' for '-'.

vhdlfe:  No errors.


tovif V6.3 IR 35:  High-level synthesis
Thu Nov 19 20:08:23 2020

Linking 'c:\ARCHIV~1\warp\bin\std.vhd'.
Linking 'c:\ARCHIV~1\warp\lib\common\cypress.vhd'.
Linking 'c:\ARCHIV~1\warp\lib\common\work\cypress.vif'.
Linking 'c:\ARCHIV~1\warp\lib\ieee\work\stdlogic.vif'.
Linking 'c:\ARCHIV~1\warp\lib\ieee\work\syntocyp.vif'.
Linking 'c:\ARCHIV~1\warp\lib\ieee\work\synarith.vif'.
Linking 'c:\ARCHIV~1\warp\lib\ieee\work\synusgnd.vif'.
Linking 'c:\ARCHIV~1\warp\lib\common\stdlogic\lpmpkg.vif'.
Linking 'c:\ARCHIV~1\warp\lib\common\stdlogic\rtlpkg.vif'.
Linking 'c:\ARCHIV~1\warp\lib\common\stdlogic\mod_cnst.vif'.
Linking 'c:\ARCHIV~1\warp\lib\common\stdlogic\syntocyp.vif'.

tovif:  No errors.


topld V6.3 IR 35:  Synthesis and optimization
Thu Nov 19 20:08:24 2020

Linking 'c:\ARCHIV~1\warp\bin\std.vhd'.
Linking 'c:\ARCHIV~1\warp\lib\common\cypress.vhd'.
Linking 'c:\ARCHIV~1\warp\lib\common\work\cypress.vif'.
Linking 'c:\ARCHIV~1\warp\lib\ieee\work\stdlogic.vif'.
Linking 'c:\ARCHIV~1\warp\lib\ieee\work\syntocyp.vif'.
Linking 'c:\ARCHIV~1\warp\lib\ieee\work\synarith.vif'.
Linking 'c:\ARCHIV~1\warp\lib\ieee\work\synusgnd.vif'.
Linking 'c:\ARCHIV~1\warp\lib\common\stdlogic\lpmpkg.vif'.
Linking 'c:\ARCHIV~1\warp\lib\common\stdlogic\rtlpkg.vif'.
Linking 'c:\ARCHIV~1\warp\lib\common\stdlogic\mod_cnst.vif'.
Linking 'c:\ARCHIV~1\warp\lib\common\stdlogic\syntocyp.vif'.
Linking 'c:\ARCHIV~1\warp\lib\lc22v10\stdlogic\c22v10.vif'.

----------------------------------------------------------
Detecting unused logic.
----------------------------------------------------------



------------------------------------------------------
Alias Detection
------------------------------------------------------

------------------------------------------------------
Aliased 0 equations, 56 wires.
------------------------------------------------------

----------------------------------------------------------
Circuit simplification
----------------------------------------------------------

----------------------------------------------------------
Circuit simplification results:

	Expanded 27 signals.
	Turned 0 signals into soft nodes.
	Maximum default expansion cost was set at 10.
----------------------------------------------------------

------------------------------------------------------
Alias Detection
------------------------------------------------------

------------------------------------------------------
Aliased 0 equations, 0 wires.
------------------------------------------------------
Created 111 PLD nodes.

topld:  No errors.

----------------------------------------------------------------------------
PLD Optimizer Software:       DSGNOPT.EXE    31/03/2000  [v4.02 ] 6.3 IR 35

DESIGN HEADER INFORMATION  (20:08:25)

Input File(s): P6gener.pla
Device       : C22V10
Package      : palc22v10d-25pc
ReportFile   : P6gener.rpt

Program Controls:
    COMMAND LANGUAGE_VHDL 
    COMMAND PROPERTY BUS_HOLD ENABLE 

Signal Requests:
    GROUP USEPOL ALL
    GROUP FAST_SLEW ALL

Completed Successfully  
----------------------------------------------------------------------------
PLD Optimizer Software:       DSGNOPT.EXE    31/03/2000  [v4.02 ] 6.3 IR 35

OPTIMIZATION OPTIONS       (20:08:25)

Messages:
  Information: Process virtual '\q(0)D\'\q(0)D\ ... expanded.
  Information: Process virtual '\q(1)D\'\q(1)D\ ... expanded.
  Information: Process virtual '\q(2)D\'\q(2)D\ ... expanded.
  Information: Process virtual '\q(3)D\'\q(3)D\ ... expanded.
  Information: Process virtual '\q(4)D\'\q(4)D\ ... expanded.
  Information: Process virtual '\q(5)D\'\q(5)D\ ... expanded.
  Information: Process virtual '\q(6)D\'\q(6)D\ ... expanded.
  Information: Optimizing logic using best output polarity for signals:
         c q(0).D q(1).D q(2).D q(3).D q(4).D q(5).D q(6).D

  Information: Selected logic optimization OFF for signals:
         q(0).AR q(0).C q(1).AR q(1).C q(2).AR q(2).C q(3).AR q(3).C q(4).AR
         q(4).C q(5).AR q(5).C q(6).AR q(6).C



Summary:
                 Error Count = 0      Warning Count = 0

Completed Successfully  
----------------------------------------------------------------------------
PLD Optimizer Software:       MINOPT.EXE     01/NOV/1999  [v4.02 ] 6.3 IR 35

LOGIC MINIMIZATION         ()

Messages:


Summary:
                 Error Count = 0      Warning Count = 0

Completed Successfully
----------------------------------------------------------------------------
PLD Optimizer Software:       DSGNOPT.EXE    31/03/2000  [v4.02 ] 6.3 IR 35

OPTIMIZATION OPTIONS       (20:08:25)

Messages:
  Information: Optimizing Banked Preset/Reset requirements.


Summary:
                 Error Count = 0      Warning Count = 0

Completed Successfully  
----------------------------------------------------------------------------
PLD Compiler Software:        PLA2JED.EXE    31/03/2000  [v4.02 ] 6.3 IR 35

<CYPRESSTAG name="Equations" icon=FILE_RPT_EQUATION>
DESIGN EQUATIONS           (20:08:26)
</CYPRESSTAG>

    c =
          q(0).Q * q(1).Q * q(2).Q * q(3).Q * q(4).Q * q(5).Q * q(6).Q 
        + /q(0).Q * /q(1).Q * /q(2).Q * /q(3).Q * /q(4).Q * /q(5).Q * 
          /q(6).Q 

    q(0).D =
          d(0) * en * le 
        + en * /le * /q(0).Q 
        + /en * q(0).Q 

    q(0).AR =
          clr 

    q(0).SP =
          GND

    q(0).C =
          clk 

    q(1).D =
          en * /le * q(0).Q * /q(1).Q * ud 
        + en * /le * /q(0).Q * /q(1).Q * /ud 
        + /le * /q(0).Q * q(1).Q * ud 
        + /le * q(0).Q * q(1).Q * /ud 
        + d(1) * en * le 
        + /en * q(1).Q 

    q(1).AR =
          clr 

    q(1).SP =
          GND

    q(1).C =
          clk 

    q(2).D =
          en * /le * q(0).Q * q(1).Q * /q(2).Q * ud 
        + en * /le * /q(0).Q * /q(1).Q * /q(2).Q * /ud 
        + /le * /q(0).Q * q(1).Q * q(2).Q 
        + /le * /q(1).Q * q(2).Q * ud 
        + /le * q(0).Q * q(2).Q * /ud 
        + d(2) * en * le 
        + /en * q(2).Q 

    q(2).AR =
          clr 

    q(2).SP =
          GND

    q(2).C =
          clk 

    q(3).D =
          en * /le * q(0).Q * q(1).Q * q(2).Q * /q(3).Q * ud 
        + en * /le * /q(0).Q * /q(1).Q * /q(2).Q * /q(3).Q * /ud 
        + /le * /q(0).Q * q(2).Q * q(3).Q 
        + /le * q(0).Q * /q(1).Q * q(3).Q 
        + /le * /q(2).Q * q(3).Q * ud 
        + /le * q(1).Q * q(3).Q * /ud 
        + d(3) * en * le 
        + /en * q(3).Q 

    q(3).AR =
          clr 

    q(3).SP =
          GND

    q(3).C =
          clk 

    q(4).D =
          en * /le * q(0).Q * q(1).Q * q(2).Q * q(3).Q * /q(4).Q * ud 
        + en * /le * /q(0).Q * /q(1).Q * /q(2).Q * /q(3).Q * /q(4).Q * /ud 
        + /le * /q(0).Q * q(3).Q * q(4).Q 
        + /le * /q(1).Q * q(2).Q * q(4).Q 
        + /le * q(0).Q * /q(2).Q * q(4).Q 
        + /le * /q(3).Q * q(4).Q * ud 
        + /le * q(1).Q * q(4).Q * /ud 
        + d(4) * en * le 
        + /en * q(4).Q 

    q(4).AR =
          clr 

    q(4).SP =
          GND

    q(4).C =
          clk 

    q(5).D =
          en * /le * q(0).Q * q(1).Q * q(2).Q * q(3).Q * q(4).Q * /q(5).Q * 
          ud 
        + en * /le * /q(0).Q * /q(1).Q * /q(2).Q * /q(3).Q * /q(4).Q * 
          /q(5).Q * /ud 
        + /le * /q(0).Q * q(4).Q * q(5).Q 
        + /le * /q(1).Q * q(2).Q * q(5).Q 
        + /le * /q(2).Q * q(3).Q * q(5).Q 
        + /le * q(0).Q * /q(3).Q * q(5).Q 
        + /le * /q(4).Q * q(5).Q * ud 
        + /le * q(1).Q * q(5).Q * /ud 
        + d(5) * en * le 
        + /en * q(5).Q 

    q(5).AR =
          clr 

    q(5).SP =
          GND

    q(5).C =
          clk 

    q(6).D =
          en * /le * q(0).Q * q(1).Q * q(2).Q * q(3).Q * q(4).Q * q(5).Q * 
          /q(6).Q * ud 
        + en * /le * /q(0).Q * /q(1).Q * /q(2).Q * /q(3).Q * /q(4).Q * 
          /q(5).Q * /q(6).Q * /ud 
        + /le * /q(0).Q * q(5).Q * q(6).Q 
        + /le * /q(1).Q * q(2).Q * q(6).Q 
        + /le * /q(2).Q * q(4).Q * q(6).Q 
        + /le * q(1).Q * /q(3).Q * q(6).Q 
        + /le * q(0).Q * /q(4).Q * q(6).Q 
        + /le * /q(5).Q * q(6).Q * ud 
        + /le * q(3).Q * q(6).Q * /ud 
        + d(6) * en * le 
        + /en * q(6).Q 

    q(6).AR =
          clr 

    q(6).SP =
          GND

    q(6).C =
          clk 


Completed Successfully  
----------------------------------------------------------------------------
PLD Compiler Software:        PLA2JED.EXE    31/03/2000  [v4.02 ] 6.3 IR 35

DESIGN RULE CHECK          (20:08:26)

Messages:
                 None.


Summary:
                 Error Count = 0      Warning Count = 0

Completed Successfully  
----------------------------------------------------------------------------
PLD Compiler Software:        PLA2JED.EXE    31/03/2000  [v4.02 ] 6.3 IR 35

<CYPRESSTAG name="Pinout" icon=FILE_RPT_PINOUT>
PINOUT INFORMATION   (20:08:26)
</CYPRESSTAG>
Messages:
  Information: Checking for duplicate NODE logic.
                 None.


                                 C22V10
                 __________________________________________
            clk =| 1|                                  |24|* not used       
           d(6) =| 2|                                  |23|* not used       
           d(5) =| 3|                                  |22|= c              
           d(4) =| 4|                                  |21|* not used       
           d(3) =| 5|                                  |20|= q(6)           
           d(2) =| 6|                                  |19|= q(5)           
           d(1) =| 7|                                  |18|= q(4)           
           d(0) =| 8|                                  |17|= q(3)           
             en =| 9|                                  |16|= q(2)           
             le =|10|                                  |15|= q(1)           
             ud =|11|                                  |14|= q(0)           
       not used *|12|                                  |13|= clr            
                 __________________________________________


Summary:
                 Error Count = 0      Warning Count = 0

Completed Successfully  
----------------------------------------------------------------------------
PLD Compiler Software:        PLA2JED.EXE    31/03/2000  [v4.02 ] 6.3 IR 35

<CYPRESSTAG name="Utilization" icon=FILE_RPT_UTILIZATION>
RESOURCE UTILIZATION (20:08:26)
</CYPRESSTAG>
  Information: Macrocell Utilization.

                     Description        Used     Max
                 ______________________________________
                 | Dedicated Inputs   |   11  |   11  |
                 | Clock/Inputs       |    1  |    1  |
                 | I/O Macrocells     |    8  |   10  |
                 ______________________________________
                                          20  /   22   = 90  %


  Information: Output Logic Product Term Utilization.

                  Node#  Output Signal Name  Used   Max
                 ________________________________________
                 | 14  |  q(0)            |   3  |   8  |
                 | 15  |  q(1)            |   6  |  10  |
                 | 16  |  q(2)            |   7  |  12  |
                 | 17  |  q(3)            |   8  |  14  |
                 | 18  |  q(4)            |   9  |  16  |
                 | 19  |  q(5)            |  10  |  16  |
                 | 20  |  q(6)            |  11  |  14  |
                 | 21  |  Unused          |   0  |  12  |
                 | 22  |  c               |   2  |  10  |
                 | 23  |  Unused          |   0  |   8  |
                 | 25  |  Unused          |   0  |   1  |
                 ________________________________________
                                             56  / 121   = 46  %


Completed Successfully  
----------------------------------------------------------------------------
PLD Compiler Software:        PLA2JED.EXE    31/03/2000  [v4.02 ] 6.3 IR 35

JEDEC ASSEMBLE             (20:08:26)

Messages:
  Information: Output file 'P6gener.pin' created.
  Information: Output file 'P6gener.jed' created.

  Usercode:    
  Checksum:    41BE



Summary:
                 Error Count = 0      Warning Count = 0

Completed Successfully at 20:08:26
