
     | | | | | | |
   _________________
  -|               |-
  -|               |-
  -|               |-
  -|    CYPRESS    |-
  -|               |-
  -|               |-   Warp VHDL Synthesis Compiler: Version 6.3 IR 35
  -|               |-   Copyright (C) 1991-2001 Cypress Semiconductor
   |_______________|
     | | | | | | |

======================================================================
Compiling:  P4.vhd
Options:    -m -yu -e10 -w100 -o2 -ygs -fP -v10 -dc22v10 -ppalc22v10d-25pc -b P4.vhd -u Prac4.hie
======================================================================

vhdlfe V6.3 IR 35:  VHDL parser
Mon Nov 02 19:22:53 2020

Library 'work' => directory 'lc22v10'
Linking 'c:\ARCHIV~1\warp\bin\std.vhd'.
Linking 'c:\ARCHIV~1\warp\lib\common\cypress.vhd'.
Linking 'c:\ARCHIV~1\warp\lib\common\work\cypress.vif'.
Library 'ieee' => directory 'c:\ARCHIV~1\warp\lib\ieee\work'
Linking 'c:\ARCHIV~1\warp\lib\ieee\work\stdlogic.vif'.

vhdlfe:  No errors.


tovif V6.3 IR 35:  High-level synthesis
Mon Nov 02 19:22:53 2020

Linking 'c:\ARCHIV~1\warp\bin\std.vhd'.
Linking 'c:\ARCHIV~1\warp\lib\common\cypress.vhd'.
Linking 'c:\ARCHIV~1\warp\lib\common\work\cypress.vif'.
Linking 'c:\ARCHIV~1\warp\lib\ieee\work\stdlogic.vif'.

tovif:  No errors.


topld V6.3 IR 35:  Synthesis and optimization
Mon Nov 02 19:22:53 2020

Linking 'c:\ARCHIV~1\warp\bin\std.vhd'.
Linking 'c:\ARCHIV~1\warp\lib\common\cypress.vhd'.
Linking 'c:\ARCHIV~1\warp\lib\common\work\cypress.vif'.
Linking 'c:\ARCHIV~1\warp\lib\ieee\work\stdlogic.vif'.

----------------------------------------------------------
Detecting unused logic.
----------------------------------------------------------



------------------------------------------------------
Alias Detection
------------------------------------------------------

------------------------------------------------------
Aliased 0 equations, 6 wires.
------------------------------------------------------

----------------------------------------------------------
Circuit simplification
----------------------------------------------------------

----------------------------------------------------------
Circuit simplification results:

	Expanded 2 signals.
	Turned 0 signals into soft nodes.
	Maximum default expansion cost was set at 10.
----------------------------------------------------------

------------------------------------------------------
Alias Detection
------------------------------------------------------

------------------------------------------------------
Aliased 0 equations, 0 wires.
------------------------------------------------------
Created 21 PLD nodes.

topld:  No errors.

----------------------------------------------------------------------------
PLD Optimizer Software:       DSGNOPT.EXE    31/03/2000  [v4.02 ] 6.3 IR 35

DESIGN HEADER INFORMATION  (19:22:54)

Input File(s): P4.pla
Device       : C22V10
Package      : palc22v10d-25pc
ReportFile   : P4.rpt

Program Controls:
    COMMAND LANGUAGE_VHDL 
    COMMAND PROPERTY BUS_HOLD ENABLE 

Signal Requests:
    GROUP USEPOL ALL
    GROUP FAST_SLEW ALL

Completed Successfully  
----------------------------------------------------------------------------
PLD Optimizer Software:       DSGNOPT.EXE    31/03/2000  [v4.02 ] 6.3 IR 35

OPTIMIZATION OPTIONS       (19:22:54)

Messages:
  Information: Process virtual 'd1'd1 ... expanded.
  Information: Process virtual 'q1' ... converted to NODE.
  Information: Process virtual 'd0'd0 ... expanded.
  Information: Process virtual 'q0' ... converted to NODE.
  Information: Optimizing logic using best output polarity for signals:
         dis(5) q0.D q1.D

  Information: Selected logic optimization OFF for signals:
         dis(0) dis(1) dis(2) dis(3) dis(4) dis(6) q0.AR q0.C q1.AR q1.C



Summary:
                 Error Count = 0      Warning Count = 0

Completed Successfully  
----------------------------------------------------------------------------
PLD Optimizer Software:       MINOPT.EXE     01/NOV/1999  [v4.02 ] 6.3 IR 35

LOGIC MINIMIZATION         ()

Messages:


Summary:
                 Error Count = 0      Warning Count = 0

Completed Successfully
----------------------------------------------------------------------------
PLD Optimizer Software:       DSGNOPT.EXE    31/03/2000  [v4.02 ] 6.3 IR 35

OPTIMIZATION OPTIONS       (19:22:55)

Messages:
  Information: Optimizing Banked Preset/Reset requirements.


Summary:
                 Error Count = 0      Warning Count = 0

Completed Successfully  
----------------------------------------------------------------------------
PLD Compiler Software:        PLA2JED.EXE    31/03/2000  [v4.02 ] 6.3 IR 35

<CYPRESSTAG name="Equations" icon=FILE_RPT_EQUATION>
DESIGN EQUATIONS           (19:22:55)
</CYPRESSTAG>

    dis(0) =
          VCC

    dis(1) =
          VCC

    dis(2) =
          VCC

    dis(3) =
          e * q0.Q * q1.Q 

    dis(4) =
          dis(5) 

    /dis(5) =
          e * q0.Q * q1.Q 

    dis(6) =
          VCC

    q0.D =
          /e * /q0.Q * q1.Q 
        + e * /q0.Q * /q1.Q 

    q0.AR =
          clr 

    q0.SP =
          GND

    q0.C =
          clk 

    q1.D =
          e * q0.Q * /q1.Q 
        + /q0.Q * q1.Q 

    q1.AR =
          clr 

    q1.SP =
          GND

    q1.C =
          clk 


Completed Successfully  
----------------------------------------------------------------------------
PLD Compiler Software:        PLA2JED.EXE    31/03/2000  [v4.02 ] 6.3 IR 35

DESIGN RULE CHECK          (19:22:55)

Messages:
                 None.


Summary:
                 Error Count = 0      Warning Count = 0

Completed Successfully  
----------------------------------------------------------------------------
PLD Compiler Software:        PLA2JED.EXE    31/03/2000  [v4.02 ] 6.3 IR 35

<CYPRESSTAG name="Pinout" icon=FILE_RPT_PINOUT>
PINOUT INFORMATION   (19:22:55)
</CYPRESSTAG>
Messages:
  Information: Checking for duplicate NODE logic.
                 None.


                                 C22V10
                 __________________________________________
            clk =| 1|                                  |24|* not used       
            clr =| 2|                                  |23|= (q0)           
              e =| 3|                                  |22|* not used       
       not used *| 4|                                  |21|= dis(6)         
       not used *| 5|                                  |20|= dis(5)         
       not used *| 6|                                  |19|= dis(4)         
       not used *| 7|                                  |18|= dis(3)         
       not used *| 8|                                  |17|= dis(2)         
       not used *| 9|                                  |16|= dis(1)         
       not used *|10|                                  |15|= dis(0)         
       not used *|11|                                  |14|= (q1)           
       not used *|12|                                  |13|* not used       
                 __________________________________________


Summary:
                 Error Count = 0      Warning Count = 0

Completed Successfully  
----------------------------------------------------------------------------
PLD Compiler Software:        PLA2JED.EXE    31/03/2000  [v4.02 ] 6.3 IR 35

<CYPRESSTAG name="Utilization" icon=FILE_RPT_UTILIZATION>
RESOURCE UTILIZATION (19:22:55)
</CYPRESSTAG>
  Information: Macrocell Utilization.

                     Description        Used     Max
                 ______________________________________
                 | Dedicated Inputs   |    2  |   11  |
                 | Clock/Inputs       |    1  |    1  |
                 | I/O Macrocells     |    9  |   10  |
                 ______________________________________
                                          12  /   22   = 54  %


  Information: Output Logic Product Term Utilization.

                  Node#  Output Signal Name  Used   Max
                 ________________________________________
                 | 14  |  q1              |   2  |   8  |
                 | 15  |  dis(0)          |   1  |  10  |
                 | 16  |  dis(1)          |   1  |  12  |
                 | 17  |  dis(2)          |   1  |  14  |
                 | 18  |  dis(3)          |   1  |  16  |
                 | 19  |  dis(4)          |   1  |  16  |
                 | 20  |  dis(5)          |   1  |  14  |
                 | 21  |  dis(6)          |   1  |  12  |
                 | 22  |  Unused          |   0  |  10  |
                 | 23  |  q0              |   2  |   8  |
                 | 25  |  Unused          |   0  |   1  |
                 ________________________________________
                                             11  / 121   = 9   %


Completed Successfully  
----------------------------------------------------------------------------
PLD Compiler Software:        PLA2JED.EXE    31/03/2000  [v4.02 ] 6.3 IR 35

JEDEC ASSEMBLE             (19:22:55)

Messages:
  Information: Output file 'P4.pin' created.
  Information: Output file 'P4.jed' created.

  Usercode:    
  Checksum:    65EC



Summary:
                 Error Count = 0      Warning Count = 0

Completed Successfully at 19:22:55
